Renesas Optimizing Linker (W3.02.00 )             27-Dec-2022 00:15:24

*** Options ***

-subcommand=DefaultBuild\TETSU_CON_G11.clnk
-Input=DefaultBuild\cstart.obj
-Input=DefaultBuild\stkinit.obj
-Input=DefaultBuild\r_cg_main.obj
-Input=DefaultBuild\r_cg_systeminit.obj
-Input=DefaultBuild\r_cg_cgc.obj
-Input=DefaultBuild\r_cg_cgc_user.obj
-Input=DefaultBuild\r_cg_port.obj
-Input=DefaultBuild\r_cg_port_user.obj
-Input=DefaultBuild\r_cg_wdt.obj
-Input=DefaultBuild\r_cg_wdt_user.obj
-Input=DefaultBuild\r_cg_sau.obj
-Input=DefaultBuild\r_cg_sau_user.obj
-Input=DefaultBuild\r_cg_adc.obj
-Input=DefaultBuild\r_cg_adc_user.obj
-Input=DefaultBuild\r_cg_it8bit.obj
-Input=DefaultBuild\r_cg_it8bit_user.obj
-Input=DefaultBuild\r_cg_tmkb.obj
-Input=DefaultBuild\r_cg_tmkb_user.obj
-Input=DefaultBuild\r_cg_dac.obj
-Input=DefaultBuild\r_cg_dac_user.obj
-Input=DefaultBuild\r_cg_pga.obj
-Input=DefaultBuild\r_cg_pga_user.obj
-Input=DefaultBuild\r_cg_comp.obj
-Input=DefaultBuild\r_cg_comp_user.obj
-Input=DefaultBuild\TETSU_CON_G11_user.obj
-SECURITY_ID=00000000000000000000
-DEVICE=C:\Program Files (x86)\Renesas Electronics\CS+\CC\Device\RL78\Devicefile\DR5F1056A.DVF
-DEBug
-NOCOmpress
-NOOPtimize
-OUtput=DefaultBuild\TETSU_CON_G11.abs
-LIBrary=C:\Program Files (x86)\Renesas Electronics\CS+\CC\CC-RL\V1.09.00\lib\rl78em4s.lib
-LIBrary=C:\Program Files (x86)\Renesas Electronics\CS+\CC\CC-RL\V1.09.00\lib\malloc_n.lib
-LIBrary=C:\Program Files (x86)\Renesas Electronics\CS+\CC\CC-RL\V1.09.00\lib\rl78em4r.lib
-OCDBG=84
-DEBUG_MONITOR=3E00-3FFF
-USER_OPT_BYTE=FE57F0
-LISt=DefaultBuild\TETSU_CON_G11.map
-SHow=SYmbol,Total_size
-STARt=.const,.text,.RLIB,.SLIB,.textf,.constf,.data,.sdata/02000,.dataR,.bss/FF900,.sdataR,.sbss/FFE20
-ROm=.data=.dataR
-ROm=.sdata=.sdataR
-NOMessage
-MEMory=High
-NOLOgo
-end

*** Error information ***

*** Mapping List ***

SECTION                            START      END         SIZE   ALIGN
.vect
                                  00000000  0000007f        80   0
.option_byte
                                  000000c0  000000c3         4   1
.security_id
                                  000000c4  000000cd         a   1
.monitor1
                                  000000ce  000000d7         a   1
.const
                                  00002000  0000203f        40   2
.text
                                  00002040  000022da       29b   1
.RLIB
                                  000022db  000022eb        11   1
.SLIB
                                  000022ec  000022ec         0   1
.textf
                                  000022ec  00002e0a       b1f   1
.constf
                                  00002e0c  00002e0c         0   2
.data
                                  00002e0c  00002e16         b   2
.sdata
                                  00002e18  00002e18         0   2
.monitor2
                                  00003e00  00003fff       200   1
.dataR
                                  000ff900  000ff90a         b   2
.bss
                                  000ff90c  000ff926        1b   2
.sdataR
                                  000ffe20  000ffe20         0   2
.sbss
                                  000ffe20  000ffe20         0   2

*** Total Section Size ***

RAMDATA SECTION:  00000026 Byte(s)
ROMDATA SECTION:  000002e3 Byte(s)
PROGRAM SECTION:  00000dcb Byte(s)

*** Symbol List ***

SECTION=
FILE=                               START        END    SIZE
  SYMBOL                            ADDR        SIZE    INFO      COUNTS  OPT

SECTION=.vect
FILE=rlink_generates_04
                                  00000000  0000007f        80

SECTION=.option_byte
FILE=rlink_generates_01
                                  000000c0  000000c3         4

SECTION=.security_id
FILE=rlink_generates_03
                                  000000c4  000000cd         a

SECTION=.monitor1
FILE=rlink_generates_02
                                  000000ce  000000d7         a

SECTION=.const
FILE=DefaultBuild\TETSU_CON_G11_user.obj
                                  00002000  0000203f        40
  _ACC_BRK_LEVEL
                                  00002000        20   data ,g         * 

SECTION=.text
FILE=DefaultBuild\cstart.obj
                                  00002040  00002099        5a
  _start
                                  00002040         0   none ,g         * 
  _exit
                                  00002098         0   none ,g         * 
FILE=DefaultBuild\r_cg_wdt_user.obj
                                  0000209a  0000209b         2
  _r_wdt_interrupt@1
                                  0000209a         2   func ,l         * 
FILE=DefaultBuild\r_cg_sau_user.obj
                                  0000209c  0000214f        b4
  _r_uart1_interrupt_receive@1
                                  0000209c        7b   func ,l         * 
  _r_uart1_interrupt_send@1
                                  00002117        39   func ,l         * 
FILE=DefaultBuild\r_cg_adc_user.obj
                                  00002150  00002151         2
  _r_adc_interrupt@1
                                  00002150         2   func ,l         * 
FILE=DefaultBuild\r_cg_it8bit_user.obj
                                  00002152  000022d8       187
  _r_it8bit0_channel0_interrupt@1
                                  00002152       187   func ,l         * 
FILE=DefaultBuild\r_cg_comp_user.obj
                                  000022d9  000022da         2
  _r_comp0_interrupt@1
                                  000022d9         2   func ,l         * 

SECTION=.RLIB
FILE=memcpy
                                  000022db  000022eb        11
  _memcpy
                                  000022db         0   none ,g         * 

SECTION=.textf
FILE=DefaultBuild\stkinit.obj
                                  000022ec  0000232f        44
  _stkinit
                                  000022ec         0   none ,g         * 
  LSTINIT1
                                  000022fa         0   none ,l         * 
  LSTINIT2
                                  00002324         0   none ,l         * 
  LSTINIT3
                                  0000232f         0   none ,l         * 
FILE=DefaultBuild\r_cg_main.obj
                                  00002330  0000233b         c
  _main
                                  00002330         8   func ,g         * 
  _R_MAIN_UserInit@1
                                  00002338         4   func ,l         * 
FILE=DefaultBuild\r_cg_systeminit.obj
                                  0000233c  000023b1        76
  _R_Systeminit
                                  0000233c        6f   func ,g         * 
  _hdwinit
                                  000023ab         7   func ,g         * 
FILE=DefaultBuild\r_cg_cgc.obj
                                  000023b2  000023f7        46
  _R_CGC_Create
                                  000023b2        46   func ,g         * 
FILE=DefaultBuild\r_cg_cgc_user.obj
                                  000023f8  000023fe         7
  _R_CGC_Get_ResetSource
                                  000023f8         7   func ,g         * 
FILE=DefaultBuild\r_cg_port.obj
                                  000023ff  0000242f        31
  _R_PORT_Create
                                  000023ff        31   func ,g         * 
FILE=DefaultBuild\r_cg_wdt.obj
                                  00002430  00002443        14
  _R_WDT_Create
                                  00002430        10   func ,g         * 
  _R_WDT_Restart
                                  00002440         4   func ,g         * 
FILE=DefaultBuild\r_cg_sau.obj
                                  00002444  000025a6       163
  _R_SAU0_Create
                                  00002444        1d   func ,g         * 
  _R_UART1_Create
                                  00002461        99   func ,g         * 
  _R_UART1_Start
                                  000024fa        28   func ,g         * 
  _R_UART1_Stop
                                  00002522        1f   func ,g         * 
  _R_UART1_Receive
                                  00002541        2c   func ,g         * 
  _R_UART1_Send
                                  0000256d        3a   func ,g         * 
FILE=DefaultBuild\r_cg_sau_user.obj
                                  000025a7  000025b2         c
  _r_uart1_callback_receiveend@1
                                  000025a7         1   func ,l         * 
  _r_uart1_callback_softwareoverrun@1
                                  000025a8         5   func ,l         * 
  _r_uart1_callback_sendend@1
                                  000025ad         1   func ,l         * 
  _r_uart1_callback_error@1
                                  000025ae         5   func ,l         * 
FILE=DefaultBuild\r_cg_adc.obj
                                  000025b3  00002625        73
  _R_ADC_Create
                                  000025b3        4c   func ,g         * 
  _R_ADC_Start
                                  000025ff         a   func ,g         * 
  _R_ADC_Stop
                                  00002609         a   func ,g         * 
  _R_ADC_Set_OperationOn
                                  00002613         4   func ,g         * 
  _R_ADC_Set_OperationOff
                                  00002617         4   func ,g         * 
  _R_ADC_Get_Result
                                  0000261b         b   func ,g         * 
FILE=DefaultBuild\r_cg_it8bit.obj
                                  00002626  00002669        44
  _R_IT8Bit0_Channel0_Create
                                  00002626        2c   func ,g         * 
  _R_IT8Bit0_Channel0_Start
                                  00002652         c   func ,g         * 
  _R_IT8Bit0_Channel0_Stop
                                  0000265e         c   func ,g         * 
FILE=DefaultBuild\r_cg_tmkb.obj
                                  0000266a  00002743        da
  _R_TMR_KB_Create
                                  0000266a        af   func ,g         * 
  _R_TMR_KB0_Start
                                  00002719         a   func ,g         * 
  _R_TMR_KB0_Stop
                                  00002723         9   func ,g         * 
  _R_TMR_KB0_ForcedOutput_00_Start
                                  0000272c         6   func ,g         * 
  _R_TMR_KB0_ForcedOutput_00_Stop
                                  00002732         6   func ,g         * 
  _R_TMR_KB0_ForcedOutput_01_Start
                                  00002738         6   func ,g         * 
  _R_TMR_KB0_ForcedOutput_01_Stop
                                  0000273e         6   func ,g         * 
FILE=DefaultBuild\r_cg_dac.obj
                                  00002744  00002771        2e
  _R_DAC0_Create
                                  00002744        13   func ,g         * 
  _R_DAC0_Start
                                  00002757         4   func ,g         * 
  _R_DAC0_Stop
                                  0000275b         4   func ,g         * 
  _R_DAC0_Set_ConversionValue
                                  0000275f         7   func ,g         * 
  _R_DAC_Set_PowerOff
                                  00002766         6   func ,g         * 
  _R_DAC_Reset
                                  0000276c         6   func ,g         * 
FILE=DefaultBuild\r_cg_pga.obj
                                  00002772  000027ad        3c
  _R_PGA_Create
                                  00002772        30   func ,g         * 
  _R_PGA_Start
                                  000027a2         6   func ,g         * 
  _R_PGA_Stop
                                  000027a8         6   func ,g         * 
FILE=DefaultBuild\r_cg_comp.obj
                                  000027ae  00002847        9a
  _R_COMP_Create
                                  000027ae        69   func ,g         * 
  _R_COMP0_Start
                                  00002817        25   func ,g         * 
  _R_COMP0_Stop
                                  0000283c         c   func ,g         * 
FILE=DefaultBuild\TETSU_CON_G11_user.obj
                                  00002848  00002e0a       5c3
  _tetsu_con_g11_main
                                  00002848       38b   func ,g         * 
  _advalue_get
                                  00002bd3        5b   func ,g         * 
  _handle_step_set
                                  00002c2e        bf   func ,g         * 
  _speed_set
                                  00002ced        c0   func ,g         * 
  _tmkb_set
                                  00002dad        34   func ,g         * 
  _tmkb_value_get
                                  00002de1        1a   func ,g         * 
  _wait1us
                                  00002dfb        10   func ,g         * 

SECTION=.data
FILE=DefaultBuild\r_cg_it8bit_user.obj
                                  00002e0c  00002e15         a
FILE=DefaultBuild\TETSU_CON_G11_user.obj
                                  00002e16  00002e16         1

SECTION=.monitor2
FILE=rlink_generates_02
                                  00003e00  00003fff       200

SECTION=.dataR
FILE=DefaultBuild\r_cg_it8bit_user.obj
                                  000ff900  000ff909         a
  _timer_count@1@r_it8bit0_channel0_interrupt@1
                                  000ff900         2   data ,l         * 
  _direction_sw_count@2@r_it8bit0_channel0_interrupt@1
                                  000ff902         2   data ,l         * 
  _past_direction_sw@3@r_it8bit0_channel0_interrupt@1
                                  000ff904         1   data ,l         * 
  _limit_sw_count@4@r_it8bit0_channel0_interrupt@1
                                  000ff906         2   data ,l         * 
  _past_limit_sw@5@r_it8bit0_channel0_interrupt@1
                                  000ff908         1   data ,l         * 
  _sound_count@6@r_it8bit0_channel0_interrupt@1
                                  000ff909         1   data ,l         * 
FILE=DefaultBuild\TETSU_CON_G11_user.obj
                                  000ff90a  000ff90a         1
  _past_direction_flag@1@speed_set
                                  000ff90a         1   data ,l         * 

SECTION=.bss
FILE=DefaultBuild\r_cg_sau.obj
                                  000ff90c  000ff915         a
  _gp_uart1_tx_address
                                  000ff90c         2   data ,g         * 
  _g_uart1_tx_count
                                  000ff90e         2   data ,g         * 
  _gp_uart1_rx_address
                                  000ff910         2   data ,g         * 
  _g_uart1_rx_count
                                  000ff912         2   data ,g         * 
  _g_uart1_rx_length
                                  000ff914         2   data ,g         * 
FILE=DefaultBuild\TETSU_CON_G11_user.obj
                                  000ff916  000ff926        11
  _Timer_tick
                                  000ff916         1   data ,g         * 
  _Direction_sw
                                  000ff917         1   data ,g         * 
  _Limit_sw
                                  000ff918         1   data ,g         * 
  _Start_sound
                                  000ff919         1   data ,g         * 
  _Led_port
                                  000ff91a         c   data ,g         * 
  _Allways_light_on_flag
                                  000ff926         1   data ,g         * 

Absolute value symbols
FILE=rlink_generates_05
  __s.text
                                  00002040         0   none ,g         * 
  __e.text
                                  000022db         0   none ,g         * 
  __s.textf
                                  000022ec         0   none ,g         * 
  __e.textf
                                  00002e0b         0   none ,g         * 
  __s.const
                                  00002000         0   none ,g         * 
  __e.const
                                  00002040         0   none ,g         * 
  __s.constf
                                  00002e0c         0   none ,g         * 
  __e.constf
                                  00002e0c         0   none ,g         * 
  __s.data
                                  00002e0c         0   none ,g         * 
  __e.data
                                  00002e17         0   none ,g         * 
  __s.sdata
                                  00002e18         0   none ,g         * 
  __e.sdata
                                  00002e18         0   none ,g         * 
  __s.bss
                                  000ff90c         0   none ,g         * 
  __e.bss
                                  000ff927         0   none ,g         * 
  __s.sbss
                                  000ffe20         0   none ,g         * 
  __e.sbss
                                  000ffe20         0   none ,g         * 
  __s.dataR
                                  000ff900         0   none ,g         * 
  __e.dataR
                                  000ff90b         0   none ,g         * 
  __s.sdataR
                                  000ffe20         0   none ,g         * 
  __e.sdataR
                                  000ffe20         0   none ,g         * 
  __s.RLIB
                                  000022db         0   none ,g         * 
  __e.RLIB
                                  000022ec         0   none ,g         * 
  __s.SLIB
                                  000022ec         0   none ,g         * 
  __e.SLIB
                                  000022ec         0   none ,g         * 
  __s.option_byte
                                  000000c0         0   none ,g         * 
  __e.option_byte
                                  000000c4         0   none ,g         * 
  __s.monitor1
                                  000000ce         0   none ,g         * 
  __e.monitor1
                                  000000d8         0   none ,g         * 
  __s.monitor2
                                  00003e00         0   none ,g         * 
  __e.monitor2
                                  00004000         0   none ,g         * 
  __s.security_id
                                  000000c4         0   none ,g         * 
  __e.security_id
                                  000000ce         0   none ,g         * 
  __s.vect
                                  00000000         0   none ,g         * 
  __e.vect
                                  00000080         0   none ,g         * 
  __RAM_ADDR_START
                                  000ff900         0   none ,g         * 
  __RAM_ADDR_END
                                  000ffee0         0   none ,g         * 
  __STACK_ADDR_START
                                  000ffe20         0   none ,g         * 
  __STACK_ADDR_END
                                  000ff928         0   none ,g         * 

*** Unfilled Areas ***

AREA                                START    END

*** Delete Symbols ***

SYMBOL                                SIZE    INFO
